// SPDX-License-Identifier: Apache-2.0
//
// The OpenSearch Contributors require contributions made to
// this file be licensed under the Apache-2.0 license or a
// compatible open source license.

package corpus

import (
	"context"

	"github.com/opensearch-project/opensearch-go/v3/opensearchapi"
)

// indexNames is a helper whose argument is the v2 root client. Using its call as
// a positional means the arg subtree carried into the v3 Req contains a live v2
// root-client reference.
func indexNames(_ *opensearchapi.Client) []string { return []string{"i"} }

// carriedRootClient exercises the descent-stop guard: the Indices.Exists
// positional is indexNames(client), whose subtree embeds a v2 root-client
// reference (client). The rewrite carries positionals verbatim into the v3 Req,
// and the descent-stop would leave that reference un-migrated - so the pass must
// plant an _OSAPIFIX_RESOLVE marker instead of emitting non-compiling code with
// no sentinel. The golden shows the marker in the Req position.
func carriedRootClient(ctx context.Context, client *opensearchapi.Client) error {
	resp, err := client.Indices.Exists(ctx, _OSAPIFIX_RESOLVE /* OSAPIFIX v2->v3 MANUAL: positional Indices carries an un-migrated v2 root-client reference -- migrate by hand: call client.<Endpoint>(ctx, &opensearchapi.<Endpoint>Req{...}) with the option values moved onto the Req/Params fields, and inspect the returned error instead of the raw *Response; see the v2->v3 hop notes in cmd/osapifix/README.md */)

	if err != nil {
		return err
	}
	_ = resp
	return nil
}
